// Jest Snapshot v1, https://goo.gl/fbAQLP

exports[`should render the header correctly 1`] = `
<header>
  <h1>
    Expensify
  </h1>
  <ul>
    <li>
      <NavLink
        activeClassName="is-active"
        to="/"
      >
        Home Page
      </NavLink>
    </li>
    <li>
      <NavLink
        activeClassName="is-active"
        to="/create"
      >
        Create Expense Page
      </NavLink>
    </li>
    <li>
      <NavLink
        activeClassName="is-active"
        to="/edit"
      >
        Edit Page
      </NavLink>
    </li>
  </ul>
</header>
`;
